I'm sorry, but errors were detected in your script. Please correct the
errors listed below, and try again.


File "game/script.rpy", line 182: expected statement.
    camera_reset()
                  ^

Ren'Py Version: Ren'Py 8.3.0.24082114
Tue Sep  3 18:51:40 2024
